// Jest Snapshot v1, https://goo.gl/fbAQLP

exports[`caseClassValidatorAsync should fail min length test 1`] = `
Array [
  ValidationError {
    "children": Array [],
    "constraints": Object {
      "minLength": "long_string must be longer than or equal to 100 characters",
    },
    "property": "long_string",
    "target": DataType {
      "boolean": true,
      "deeplyNested": DeeplyNestedType {
        "bool": false,
        "foo": "bar",
        "num": 1,
      },
      "long_string": "",
      "max_number": 1.7976931348623157e+308,
      "neg_number": -1,
      "number": 1,
      "string": "string",
    },
    "value": "",
  },
]
`;

exports[`caseClassValidatorAsync should fail negative number test 1`] = `
Array [
  ValidationError {
    "children": Array [],
    "constraints": Object {
      "isNegative": "neg_number must be a negative number",
    },
    "property": "neg_number",
    "target": DataType {
      "boolean": true,
      "deeplyNested": DeeplyNestedType {
        "bool": false,
        "foo": "bar",
        "num": 1,
      },
      "long_string": "Lorem ipsum dolor sit amet, consectetur adipiscing elit, sed do eiusmod tempor incididunt ut labore et dolore magna aliqua. Ut enim ad minim veniam, quis nostrud exercitation ullamco laboris nisi ut aliquip ex ea commodo consequat. Duis aute irure dolor in reprehenderit in voluptate velit esse cillum dolore eu fugiat nulla pariatur. Excepteur sint occaecat cupidatat non proident, sunt in culpa qui officia deserunt mollit anim id est laborum. Vivendum intellegat et qui, ei denique consequuntur vix. Semper aeterno percipit ut his, sea ex utinam referrentur repudiandae. No epicuri hendrerit consetetur sit, sit dicta adipiscing ex, in facete detracto deterruisset duo. Quot populo ad qui. Sit fugit nostrum et. Ad per diam dicant interesset, lorem iusto sensibus ut sed. No dicam aperiam vis. Pri posse graeco definitiones cu, id eam populo quaestio adipiscing, usu quod malorum te. Ex nam agam veri, dicunt efficiantur ad qui, ad legere adversarium sit. Commune platonem mel id, brute adipiscing duo an. Vivendum intellegat et qui, ei denique consequuntur vix. Offendit eleifend moderatius ex vix, quem odio mazim et qui, purto expetendis cotidieque quo cu, veri persius vituperata ei nec. Duis aute irure dolor in reprehenderit in voluptate velit esse cillum dolore eu fugiat nulla pariatur.",
      "max_number": 1.7976931348623157e+308,
      "neg_number": 1,
      "number": 1,
      "string": "string",
    },
    "value": 1,
  },
]
`;
