// Jest Snapshot v1, https://goo.gl/fbAQLP

exports[`io-ts should fail min length test 1`] = `"Invalid"`;

exports[`io-ts should fail negative number test 1`] = `"Invalid"`;
