// Jest Snapshot v1, https://goo.gl/fbAQLP

exports[`caseMashal should fail min length test 1`] = `undefined`;

exports[`caseMashal should fail negative number test 1`] = `undefined`;
