// Jest Snapshot v1, https://goo.gl/fbAQLP

exports[`runtypes should fail min length test 1`] = `"Failed constraint check"`;

exports[`runtypes should fail negative number test 1`] = `"Failed constraint check"`;
