// Jest Snapshot v1, https://goo.gl/fbAQLP

exports[`toi should fail min length test 1`] = `"value does not match structure"`;

exports[`toi should fail negative number test 1`] = `"value does not match structure"`;
