// Jest Snapshot v1, https://goo.gl/fbAQLP

exports[`ts-json-validator should fail min length test 1`] = `"Invalid"`;

exports[`ts-json-validator should fail negative number test 1`] = `"Invalid"`;
